app/(dashboard)/dashboard/__tests__/dashboard-utils.test.ts(1,24): error TS2305: Module '"@/lib/dashboard-utils"' has no exported member 'formatGrowth'.
app/(dashboard)/dashboard/__tests__/DashboardPage.test.tsx(3,10): error TS2305: Module '"@/services/analytics-service"' has no exported member 'fetchDashboardSummary'.
app/(dashboard)/dashboard/__tests__/DashboardPage.test.tsx(4,15): error TS2305: Module '"@/services/analytics-service"' has no exported member 'DashboardSummaryResponse'.
components/features/dashboard/__tests__/DashboardCard.test.tsx(27,49): error TS2322: Type '{ change: string; label: string; value: string; icon: ForwardRefExoticComponent<Omit<LucideProps, "ref"> & RefAttributes<SVGSVGElement>>; iconBgColor: string; }' is not assignable to type 'IntrinsicAttributes & DashboardCardProps'.
  Property 'change' does not exist on type 'IntrinsicAttributes & DashboardCardProps'.
components/features/dashboard/__tests__/DashboardCard.test.tsx(33,46): error TS2322: Type '{ change: string; changeLabel: string; label: string; value: string; icon: ForwardRefExoticComponent<Omit<LucideProps, "ref"> & RefAttributes<SVGSVGElement>>; iconBgColor: string; }' is not assignable to type 'IntrinsicAttributes & DashboardCardProps'.
  Property 'change' does not exist on type 'IntrinsicAttributes & DashboardCardProps'.
components/features/dashboard/__tests__/DashboardCard.test.tsx(44,49): error TS2322: Type '{ change: string; label: string; value: string; icon: ForwardRefExoticComponent<Omit<LucideProps, "ref"> & RefAttributes<SVGSVGElement>>; iconBgColor: string; }' is not assignable to type 'IntrinsicAttributes & DashboardCardProps'.
  Property 'change' does not exist on type 'IntrinsicAttributes & DashboardCardProps'.
components/features/dashboard/__tests__/DashboardCard.test.tsx(50,49): error TS2322: Type '{ change: string; label: string; value: string; icon: ForwardRefExoticComponent<Omit<LucideProps, "ref"> & RefAttributes<SVGSVGElement>>; iconBgColor: string; }' is not assignable to type 'IntrinsicAttributes & DashboardCardProps'.
  Property 'change' does not exist on type 'IntrinsicAttributes & DashboardCardProps'.
components/features/dashboard/__tests__/DashboardLeaderboardSection.test.tsx(3,15): error TS2305: Module '"@/services/analytics-service"' has no exported member 'LeaderboardEntry'.
components/features/dashboard/__tests__/DashboardLeaderboardSection.test.tsx(25,42): error TS2322: Type '{ entries: never[]; loading: boolean; }' is not assignable to type 'IntrinsicAttributes'.
  Property 'entries' does not exist on type 'IntrinsicAttributes'.
components/features/dashboard/__tests__/DashboardLeaderboardSection.test.tsx(32,45): error TS2322: Type '{ entries: never[]; loading: boolean; }' is not assignable to type 'IntrinsicAttributes'.
  Property 'entries' does not exist on type 'IntrinsicAttributes'.
components/features/dashboard/__tests__/DashboardLeaderboardSection.test.tsx(38,42): error TS2322: Type '{ entries: LeaderboardEntry[]; loading: boolean; }' is not assignable to type 'IntrinsicAttributes'.
  Property 'entries' does not exist on type 'IntrinsicAttributes'.
components/features/dashboard/__tests__/DashboardLeaderboardSection.test.tsx(48,42): error TS2322: Type '{ entries: LeaderboardEntry[]; loading: boolean; }' is not assignable to type 'IntrinsicAttributes'.
  Property 'entries' does not exist on type 'IntrinsicAttributes'.
components/features/dashboard/__tests__/DashboardLeaderboardSection.test.tsx(55,42): error TS2322: Type '{ entries: LeaderboardEntry[]; loading: boolean; }' is not assignable to type 'IntrinsicAttributes'.
  Property 'entries' does not exist on type 'IntrinsicAttributes'.
components/features/dashboard/__tests__/DashboardRecognitionSection.test.tsx(2,41): error TS2307: Cannot find module '@/components/features/dashboard/DashboardRecogntionSection' or its corresponding type declarations.
components/features/dashboard/__tests__/DashboardRecognitionSection.test.tsx(3,15): error TS2305: Module '"@/services/analytics-service"' has no exported member 'RecentReview'.
